// Jest Snapshot v1, https://goo.gl/fbAQLP

exports[`Home Shallow rendering 1`] = `undefined`;
